// Jest Snapshot v1, https://goo.gl/fbAQLP

exports[`Test in component GifItem should have match with snapshot 1`] = `
<div>
  <div
    class="card"
  >
    <img
      alt="Dragon Ball"
      src="https://one-punch.com/saitama"
    />
    <p>
      Dragon Ball
    </p>
  </div>
</div>
`;
